// Jest Snapshot v1, https://goo.gl/fbAQLP

exports[`ShippingPage Component should match the snapshot 1`] = `
<div
  className="container"
>
  <div
    className="justify-content-md-center row"
  >
    <div
      className="col-md-6 col-12"
    >
      <div
        className="justify-content-center mb-4 nav"
        onKeyDown={[Function]}
      >
        <div
          className="nav-item"
        >
          <a
            className="nav-link"
            data-rb-event-key="/login"
            href="/login"
            onClick={[Function]}
            onKeyDown={[Function]}
          >
            Sign In
          </a>
        </div>
        <div
          className="nav-item"
        >
          <a
            className="nav-link"
            data-rb-event-key="/shipping"
            href="/shipping"
            onClick={[Function]}
            onKeyDown={[Function]}
          >
            Shipping
          </a>
        </div>
        <div
          className="nav-item"
        >
          <a
            aria-disabled={true}
            className="nav-link disabled"
            data-rb-event-key={null}
            href="#"
            onClick={[Function]}
            onKeyDown={[Function]}
            role="button"
            tabIndex={-1}
          >
            Payment
          </a>
        </div>
        <div
          className="nav-item"
        >
          <a
            aria-disabled={true}
            className="nav-link disabled"
            data-rb-event-key={null}
            href="#"
            onClick={[Function]}
            onKeyDown={[Function]}
            role="button"
            tabIndex={-1}
          >
            Place Order
          </a>
        </div>
      </div>
      <h1>
        Shipping
      </h1>
      <form
        className=""
        onSubmit={[Function]}
      >
        <div
          className="form-group"
        >
          <label
            className="form-label"
            htmlFor="address"
          >
            Address
          </label>
          <input
            className="form-control"
            id="address"
            onChange={[Function]}
            placeholder="Enter address"
            required={true}
            type="text"
          />
        </div>
        <div
          className="form-group"
        >
          <label
            className="form-label"
            htmlFor="city"
          >
            City
          </label>
          <input
            className="form-control"
            id="city"
            onChange={[Function]}
            placeholder="Enter city"
            required={true}
            type="text"
          />
        </div>
        <div
          className="form-group"
        >
          <label
            className="form-label"
            htmlFor="postalCode"
          >
            Postal Code
          </label>
          <input
            className="form-control"
            id="postalCode"
            onChange={[Function]}
            placeholder="Enter postal code"
            required={true}
            type="text"
          />
        </div>
        <div
          className="form-group"
        >
          <label
            className="form-label"
            htmlFor="country"
          >
            Country
          </label>
          <input
            className="form-control"
            id="country"
            onChange={[Function]}
            placeholder="Enter country"
            required={true}
            type="text"
          />
        </div>
        <button
          className="btn btn-primary"
          disabled={false}
          type="submit"
        >
          Continue
        </button>
      </form>
    </div>
  </div>
</div>
`;
