// Jest Snapshot v1, https://goo.gl/fbAQLP

exports[`should render correctly 1`] = `
<form
  className="form-inline"
  onSubmit={[Function]}
>
  <input
    className="mr-sm-2 ml-sm-5 form-control"
    name="q"
    onChange={[Function]}
    placeholder="Search Products..."
    type="text"
  />
  <button
    className="p-2 btn btn-outline-success"
    disabled={false}
    id="search-box-btn"
    type="submit"
  >
    Search
  </button>
</form>
`;
